#
# A fatal error has been detected by the Java Runtime Environment:
#
#  SIGSEGV (0xb) at pc=0x00007fb9a3398009, pid=4881, tid=4904
#
# JRE version: OpenJDK Runtime Environment (9.0) (build 9-internal+0-2016-04-14-195246.buildd.src)
# Java VM: OpenJDK 64-Bit Server VM (9-internal+0-2016-04-14-195246.buildd.src, mixed mode, tiered, compressed oops, g1 gc, linux-amd64)
# Problematic frame:
# C  [libjava.so+0x1d009]  JNU_GetEnv+0x19
#
# Core dump will be written. Default location: Core dumps may be processed with "/usr/share/apport/apport %p %s %c %d %P %E" (or dumping to /home/cse/ukp23cs049/java/calculator/core.4881)
#
# If you would like to submit a bug report, please visit:
#   http://bugreport.java.com/bugreport/crash.jsp
# The crash happened outside the Java Virtual Machine in native code.
# See problematic frame for where to report the bug.
#

---------------  S U M M A R Y ------------

Command Line: calc

Host: Intel(R) Core(TM)2 Duo CPU     E7500  @ 2.93GHz, 2 cores, 3G, Ubuntu 16.04.7 LTS
Time: Tue Oct 15 11:18:32 2024 IST elapsed time: 0 seconds (0d 0h 0m 0s)

---------------  T H R E A D  ---------------

Current thread (0x00007fb99c352000):  JavaThread "AWT-EventQueue-0" [_thread_in_native, id=4904, stack(0x00007fb943c4c000,0x00007fb943d4d000)]

Stack: [0x00007fb943c4c000,0x00007fb943d4d000],  sp=0x00007fb943d465b0,  free space=1001k
Native frames: (J=compiled Java code, j=interpreted, Vv=VM code, C=native code)
C  [libjava.so+0x1d009]  JNU_GetEnv+0x19
C  [libfontmanager.so+0x33f8e]
C  [libfreetype.so.6+0x14d2b]  FT_Stream_Seek+0x1b

Java frames: (J=compiled Java code, j=interpreted, Vv=VM code)
j  sun.font.FreetypeFontScaler.initNativeScaler(Lsun/font/Font2D;IIZI)J+0 java.desktop@9-internal
j  sun.font.FreetypeFontScaler.<init>(Lsun/font/Font2D;IZI)V+26 java.desktop@9-internal
v  ~StubRoutines::call_stub
j  sun.reflect.NativeConstructorAccessorImpl.newInstance0(Ljava/lang/reflect/Constructor;[Ljava/lang/Object;)Ljava/lang/Object;+0 java.base@9-internal
j  sun.reflect.NativeConstructorAccessorImpl.newInstance([Ljava/lang/Object;)Ljava/lang/Object;+85 java.base@9-internal
j  sun.reflect.DelegatingConstructorAccessorImpl.newInstance([Ljava/lang/Object;)Ljava/lang/Object;+5 java.base@9-internal
j  java.lang.reflect.Constructor.newInstance([Ljava/lang/Object;)Ljava/lang/Object;+65 java.base@9-internal
j  sun.font.FontScaler.getScaler(Lsun/font/Font2D;IZI)Lsun/font/FontScaler;+39 java.desktop@9-internal
j  sun.font.TrueTypeFont.getScaler()Lsun/font/FontScaler;+21 java.desktop@9-internal
j  sun.font.FileFontStrike.<init>(Lsun/font/FileFont;Lsun/font/FontStrikeDesc;)V+204 java.desktop@9-internal
j  sun.font.FileFont.createStrike(Lsun/font/FontStrikeDesc;)Lsun/font/FontStrike;+18 java.desktop@9-internal
j  sun.font.Font2D.getStrike(Lsun/font/FontStrikeDesc;Z)Lsun/font/FontStrike;+92 java.desktop@9-internal
j  sun.font.Font2D.getStrike(Lsun/font/FontStrikeDesc;)Lsun/font/FontStrike;+3 java.desktop@9-internal
j  sun.font.CompositeStrike.getStrikeForSlot(I)Lsun/font/PhysicalStrike;+23 java.desktop@9-internal
j  sun.font.CompositeStrike.getFontMetrics()Lsun/font/StrikeMetrics;+31 java.desktop@9-internal
j  sun.font.FontDesignMetrics.initMatrixAndMetrics()V+28 java.desktop@9-internal
j  sun.font.FontDesignMetrics.<init>(Ljava/awt/Font;Ljava/awt/font/FontRenderContext;)V+62 java.desktop@9-internal
j  sun.font.FontDesignMetrics.getMetrics(Ljava/awt/Font;Ljava/awt/font/FontRenderContext;)Lsun/font/FontDesignMetrics;+128 java.desktop@9-internal
j  sun.swing.SwingUtilities2.getFontMetrics(Ljavax/swing/JComponent;Ljava/awt/Font;)Ljava/awt/FontMetrics;+15 java.desktop@9-internal
j  javax.swing.JComponent.getFontMetrics(Ljava/awt/Font;)Ljava/awt/FontMetrics;+2 java.desktop@9-internal
j  sun.swing.SwingUtilities2.getFontMetrics(Ljavax/swing/JComponent;Ljava/awt/Graphics;Ljava/awt/Font;)Ljava/awt/FontMetrics;+6 java.desktop@9-internal
j  sun.swing.SwingUtilities2.getFontMetrics(Ljavax/swing/JComponent;Ljava/awt/Graphics;)Ljava/awt/FontMetrics;+6 java.desktop@9-internal
j  javax.swing.plaf.basic.BasicButtonUI.paint(Ljava/awt/Graphics;Ljavax/swing/JComponent;)V+15 java.desktop@9-internal
j  javax.swing.plaf.metal.MetalButtonUI.update(Ljava/awt/Graphics;Ljavax/swing/JComponent;)V+86 java.desktop@9-internal
j  javax.swing.JComponent.paintComponent(Ljava/awt/Graphics;)V+26 java.desktop@9-internal
j  javax.swing.JComponent.paint(Ljava/awt/Graphics;)V+286 java.desktop@9-internal
j  javax.swing.JComponent.paintChildren(Ljava/awt/Graphics;)V+501 java.desktop@9-internal
j  javax.swing.JComponent.paint(Ljava/awt/Graphics;)V+318 java.desktop@9-internal
j  javax.swing.JComponent.paintChildren(Ljava/awt/Graphics;)V+501 java.desktop@9-internal
j  javax.swing.JComponent.paint(Ljava/awt/Graphics;)V+318 java.desktop@9-internal
j  javax.swing.JLayeredPane.paint(Ljava/awt/Graphics;)V+73 java.desktop@9-internal
j  javax.swing.JComponent.paintChildren(Ljava/awt/Graphics;)V+501 java.desktop@9-internal
j  javax.swing.JComponent.paintToOffscreen(Ljava/awt/Graphics;IIIIII)V+72 java.desktop@9-internal
j  javax.swing.BufferStrategyPaintManager.paint(Ljavax/swing/JComponent;Ljavax/swing/JComponent;Ljava/awt/Graphics;IIII)Z+164 java.desktop@9-internal
j  javax.swing.RepaintManager.paint(Ljavax/swing/JComponent;Ljavax/swing/JComponent;Ljava/awt/Graphics;IIII)V+51 java.desktop@9-internal
j  javax.swing.JComponent.paint(Ljava/awt/Graphics;)V+221 java.desktop@9-internal
j  java.awt.GraphicsCallback$PaintCallback.run(Ljava/awt/Component;Ljava/awt/Graphics;)V+2 java.desktop@9-internal
j  sun.awt.SunGraphicsCallback.runOneComponent(Ljava/awt/Component;Ljava/awt/Rectangle;Ljava/awt/Graphics;Ljava/awt/Shape;I)V+155 java.desktop@9-internal
j  sun.awt.SunGraphicsCallback.runComponents([Ljava/awt/Component;Ljava/awt/Graphics;I)V+157 java.desktop@9-internal
j  java.awt.Container.paint(Ljava/awt/Graphics;)V+58 java.desktop@9-internal
j  java.awt.Window.paint(Ljava/awt/Graphics;)V+68 java.desktop@9-internal
j  javax.swing.RepaintManager$4.run()Ljava/lang/Void;+142 java.desktop@9-internal
j  javax.swing.RepaintManager$4.run()Ljava/lang/Object;+1 java.desktop@9-internal
v  ~StubRoutines::call_stub
j  java.security.AccessController.doPrivileged(Ljava/security/PrivilegedAction;Ljava/security/AccessControlContext;)Ljava/lang/Object;+0 java.base@9-internal
j  java.security.ProtectionDomain$JavaSecurityAccessImpl.doIntersectionPrivilege(Ljava/security/PrivilegedAction;Ljava/security/AccessControlContext;Ljava/security/AccessControlContext;)Ljava/lang/Object;+18 java.base@9-internal
j  javax.swing.RepaintManager.paintDirtyRegions(Ljava/util/Map;)V+154 java.desktop@9-internal
j  javax.swing.RepaintManager.paintDirtyRegions()V+46 java.desktop@9-internal
j  javax.swing.RepaintManager.prePaintDirtyRegions()V+73 java.desktop@9-internal
j  javax.swing.RepaintManager.access$1200(Ljavax/swing/RepaintManager;)V+1 java.desktop@9-internal
j  javax.swing.RepaintManager$ProcessingRunnable.run()V+37 java.desktop@9-internal
j  java.awt.event.InvocationEvent.dispatch()V+47 java.desktop@9-internal
j  java.awt.EventQueue.dispatchEventImpl(Ljava/awt/AWTEvent;Ljava/lang/Object;)V+21 java.desktop@9-internal
j  java.awt.EventQueue.access$500(Ljava/awt/EventQueue;Ljava/awt/AWTEvent;Ljava/lang/Object;)V+3 java.desktop@9-internal
j  java.awt.EventQueue$3.run()Ljava/lang/Void;+32 java.desktop@9-internal
j  java.awt.EventQueue$3.run()Ljava/lang/Object;+1 java.desktop@9-internal
v  ~StubRoutines::call_stub
j  java.security.AccessController.doPrivileged(Ljava/security/PrivilegedAction;Ljava/security/AccessControlContext;)Ljava/lang/Object;+0 java.base@9-internal
j  java.security.ProtectionDomain$JavaSecurityAccessImpl.doIntersectionPrivilege(Ljava/security/PrivilegedAction;Ljava/security/AccessControlContext;Ljava/security/AccessControlContext;)Ljava/lang/Object;+18 java.base@9-internal
j  java.awt.EventQueue.dispatchEvent(Ljava/awt/AWTEvent;)V+46 java.desktop@9-internal
j  java.awt.EventDispatchThread.pumpOneEventForFilters(I)V+183 java.desktop@9-internal
j  java.awt.EventDispatchThread.pumpEventsForFilter(ILjava/awt/Conditional;Ljava/awt/EventFilter;)V+35 java.desktop@9-internal
j  java.awt.EventDispatchThread.pumpEventsForHierarchy(ILjava/awt/Conditional;Ljava/awt/Component;)V+11 java.desktop@9-internal
j  java.awt.EventDispatchThread.pumpEvents(ILjava/awt/Conditional;)V+4 java.desktop@9-internal
j  java.awt.EventDispatchThread.pumpEvents(Ljava/awt/Conditional;)V+3 java.desktop@9-internal
j  java.awt.EventDispatchThread.run()V+9 java.desktop@9-internal
v  ~StubRoutines::call_stub

siginfo: si_signo: 11 (SIGSEGV), si_code: 1 (SEGV_MAPERR), si_addr: 0x0000000000000000

Register to memory mapping:

RAX=0x0000000000000000 is an unknown value
RBX=0x0000000000000000 is an unknown value
RCX=0x0000000000000000 is an unknown value
RDX=0x0000000000010002 is an unknown value
RSP=0x00007fb943d465b0 is pointing into the stack for thread: 0x00007fb99c352000
RBP=0x00007fb943d465c0 is pointing into the stack for thread: 0x00007fb99c352000
RSI=0x0000000000010002 is an unknown value
RDI=0x0000000000000000 is an unknown value
R8 =0x000000000000ffff is an unknown value
R9 =0x0000000000000000 is an unknown value
R10=0x00000000000001db is an unknown value
R11=0x00007fb9a3397ff0: JNU_GetEnv+0x0000000000000000 in /usr/lib/jvm/java-9-openjdk-amd64/lib/amd64/libjava.so at 0x00007fb9a337b000
R12=0x00007fb96002fc00 is an unknown value
R13=0x0000000000000000 is an unknown value
R14=0x0000000000000000 is an unknown value
R15=0x00007fb96002fc60 is an unknown value


Registers:
RAX=0x0000000000000000, RBX=0x0000000000000000, RCX=0x0000000000000000, RDX=0x0000000000010002
RSP=0x00007fb943d465b0, RBP=0x00007fb943d465c0, RSI=0x0000000000010002, RDI=0x0000000000000000
R8 =0x000000000000ffff, R9 =0x0000000000000000, R10=0x00000000000001db, R11=0x00007fb9a3397ff0
R12=0x00007fb96002fc00, R13=0x0000000000000000, R14=0x0000000000000000, R15=0x00007fb96002fc60
RIP=0x00007fb9a3398009, EFLAGS=0x0000000000010246, CSGSFS=0x002b000000000033, ERR=0x0000000000000004
  TRAPNO=0x000000000000000e

Top of Stack: (sp=0x00007fb943d465b0)
0x00007fb943d465b0:   0000000000000000 7a247cedae4dc000
0x00007fb943d465c0:   00007fb943d46600 00007fb944b62f8e
0x00007fb943d465d0:   00007fb960000078 00007fb96002fc00
0x00007fb943d465e0:   0000000000000000 0000000000000000
0x00007fb943d465f0:   00007fb96002fc00 00007fb96002fc60
0x00007fb943d46600:   0000000000000000 00007fb944899d2b
0x00007fb943d46610:   0000000000000000 00007fb944b2bd80
0x00007fb943d46620:   0000000000000000 00007fb9448ad8e0
0x00007fb943d46630:   0000000000000002 0000003200000008
0x00007fb943d46640:   0000000000000000 0000000000000000
0x00007fb943d46650:   0000006e0000005b 0000000000000000
0x00007fb943d46660:   0000000000000000 0000007c00000077
0x00007fb943d46670:   0000000000000000 0000000000000000
0x00007fb943d46680:   0000000000000000 0000000000000000
0x00007fb943d46690:   0000000000000000 00007fb960000020
0x00007fb943d466a0:   0000000000000070 00007fb943d46754
0x00007fb943d466b0:   00007fb960024ea0 00007fb96002fc60
0x00007fb943d466c0:   00007fb943d46754 00007fb9a5aa61d4
0x00007fb943d466d0:   00007fb9a4a1df00 00007fb943d46704
0x00007fb943d466e0:   00007fb944b289e0 7a247cedae4dc000
0x00007fb943d466f0:   0000000000000070 00007fb96002ef10
0x00007fb943d46700:   00007fb944b289e0 00007fb943d46818
0x00007fb943d46710:   00007fb960024ea0 00007fb96002fc60
0x00007fb943d46720:   00007fb960030190 00007fb94489c4c2
0x00007fb943d46730:   0000000100000000 00007fb943d46820
0x00007fb943d46740:   0000000000000000 0000000000000000
0x00007fb943d46750:   0000000043d46818 7a247cedae4dc000
0x00007fb943d46760:   00007fb96002ef10 00007fb943d46820
0x00007fb943d46770:   0000000000000000 00007fb96002eff8
0x00007fb943d46780:   00007fb943d46a20 00007fb96002ef58
0x00007fb943d46790:   00007fb960024ea0 00007fb94489e581
0x00007fb943d467a0:   00007fb943d46820 00007fb94489e376 

Instructions: (pc=0x00007fb9a3398009)
0x00007fb9a3397fe9:   ff eb ea 0f 1f 40 00 55 89 f2 48 89 e5 48 83 ec
0x00007fb9a3397ff9:   10 64 48 8b 04 25 28 00 00 00 48 89 45 f8 31 c0
0x00007fb9a3398009:   48 8b 07 48 8d 75 f0 ff 50 30 48 8b 4d f8 64 48
0x00007fb9a3398019:   33 0c 25 28 00 00 00 48 8b 45 f0 75 02 c9 c3 e8 


---------------  P R O C E S S  ---------------

Java Threads: ( => current thread )
  0x00007fb99c010800 JavaThread "DestroyJavaVM" [_thread_blocked, id=4882, stack(0x00007fb9a6104000,0x00007fb9a6205000)]
=>0x00007fb99c352000 JavaThread "AWT-EventQueue-0" [_thread_in_native, id=4904, stack(0x00007fb943c4c000,0x00007fb943d4d000)]
  0x00007fb99c350000 JavaThread "AWT-Shutdown" [_thread_blocked, id=4903, stack(0x00007fb943d4d000,0x00007fb943e4e000)]
  0x00007fb99c149800 JavaThread "AWT-XAWT" daemon [_thread_in_native, id=4902, stack(0x00007fb94404e000,0x00007fb94414f000)]
  0x00007fb99c2d4800 JavaThread "Java2D Disposer" daemon [_thread_blocked, id=4901, stack(0x00007fb94455f000,0x00007fb944660000)]
  0x00007fb99c1a6000 JavaThread "Service Thread" daemon [_thread_blocked, id=4899, stack(0x00007fb9655d0000,0x00007fb9656d1000)]
  0x00007fb99c117800 JavaThread "Common-Cleaner" daemon [_thread_blocked, id=4898, stack(0x00007fb9656d1000,0x00007fb9657d2000)]
  0x00007fb99c108800 JavaThread "Sweeper thread" daemon [_thread_blocked, id=4897, stack(0x00007fb965bfc000,0x00007fb965cfd000)]
  0x00007fb99c106800 JavaThread "C1 CompilerThread1" daemon [_thread_blocked, id=4896, stack(0x00007fb965cfd000,0x00007fb965dfe000)]
  0x00007fb99c104800 JavaThread "C2 CompilerThread0" daemon [_thread_in_native, id=4895, stack(0x00007fb965dfe000,0x00007fb965eff000)]
  0x00007fb99c100800 JavaThread "Signal Dispatcher" daemon [_thread_blocked, id=4894, stack(0x00007fb965eff000,0x00007fb966000000)]
  0x00007fb99c0fe800 JavaThread "Surrogate Locker Thread (Concurrent GC)" daemon [_thread_blocked, id=4893, stack(0x00007fb98402f000,0x00007fb984130000)]
  0x00007fb99c0ec800 JavaThread "Finalizer" daemon [_thread_blocked, id=4892, stack(0x00007fb984408000,0x00007fb984509000)]
  0x00007fb99c0e0800 JavaThread "Reference Handler" daemon [_thread_blocked, id=4891, stack(0x00007fb9a008d000,0x00007fb9a018e000)]

Other Threads:
  0x00007fb99c0d6800 VMThread [stack: 0x00007fb9a018e000,0x00007fb9a028f000] [id=4890]
  0x00007fb99c1a9000 WatcherThread [stack: 0x00007fb9654cf000,0x00007fb9655d0000] [id=4900]

Threads with active compile tasks:
C2 CompilerThread0 495       4       java.util.HashMap::putVal (300 bytes)

VM state:not at safepoint (normal execution)

VM Mutex/Monitor currently owned by a thread: None

heap address: 0x00000000c2e00000, size: 978 MB, Compressed Oops mode: 32-bit
Narrow klass base: 0x0000000000000000, Narrow klass shift: 3
Compressed class space size: 1073741824 Address: 0x0000000100000000

Heap:
 garbage-first heap   total 63488K, used 4297K [0x00000000c2e00000, 0x00000000c2f001f0, 0x0000000100000000)
  region size 1024K, 5 young (5120K), 1 survivors (1024K)
 Metaspace       used 10740K, capacity 11064K, committed 11392K, reserved 1058816K
  class space    used 1200K, capacity 1332K, committed 1408K, reserved 1048576K

Heap Regions: E=young(eden), S=young(survivor), O=old, HS=humongous(starts), HC=humongous(continues), CS=collection set, F=free, A=archive, TS=gc time stamp, AC=allocation context, TAMS=top-at-mark-start (previous, next)
|   0|0x00000000c2e00000, 0x00000000c2e32600, 0x00000000c2f00000| 19%| O|  |TS  1|AC  0|TAMS 0x00000000c2e00000, 0x00000000c2e00000|
|   1|0x00000000c2f00000, 0x00000000c2f00000, 0x00000000c3000000|  0%| F|  |TS  0|AC  0|TAMS 0x00000000c2f00000, 0x00000000c2f00000|
|   2|0x00000000c3000000, 0x00000000c3000000, 0x00000000c3100000|  0%| F|  |TS  0|AC  0|TAMS 0x00000000c3000000, 0x00000000c3000000|
|   3|0x00000000c3100000, 0x00000000c3100000, 0x00000000c3200000|  0%| F|  |TS  0|AC  0|TAMS 0x00000000c3100000, 0x00000000c3100000|
|   4|0x00000000c3200000, 0x00000000c3200000, 0x00000000c3300000|  0%| F|  |TS  0|AC  0|TAMS 0x00000000c3200000, 0x00000000c3200000|
|   5|0x00000000c3300000, 0x00000000c3300000, 0x00000000c3400000|  0%| F|  |TS  0|AC  0|TAMS 0x00000000c3300000, 0x00000000c3300000|
|   6|0x00000000c3400000, 0x00000000c3400000, 0x00000000c3500000|  0%| F|  |TS  0|AC  0|TAMS 0x00000000c3400000, 0x00000000c3400000|
|   7|0x00000000c3500000, 0x00000000c3500000, 0x00000000c3600000|  0%| F|  |TS  0|AC  0|TAMS 0x00000000c3500000, 0x00000000c3500000|
|   8|0x00000000c3600000, 0x00000000c3600000, 0x00000000c3700000|  0%| F|  |TS  0|AC  0|TAMS 0x00000000c3600000, 0x00000000c3600000|
|   9|0x00000000c3700000, 0x00000000c3700000, 0x00000000c3800000|  0%| F|  |TS  0|AC  0|TAMS 0x00000000c3700000, 0x00000000c3700000|
|  10|0x00000000c3800000, 0x00000000c3800000, 0x00000000c3900000|  0%| F|  |TS  0|AC  0|TAMS 0x00000000c3800000, 0x00000000c3800000|
|  11|0x00000000c3900000, 0x00000000c3900000, 0x00000000c3a00000|  0%| F|  |TS  0|AC  0|TAMS 0x00000000c3900000, 0x00000000c3900000|
|  12|0x00000000c3a00000, 0x00000000c3a00000, 0x00000000c3b00000|  0%| F|  |TS  0|AC  0|TAMS 0x00000000c3a00000, 0x00000000c3a00000|
|  13|0x00000000c3b00000, 0x00000000c3b00000, 0x00000000c3c00000|  0%| F|  |TS  0|AC  0|TAMS 0x00000000c3b00000, 0x00000000c3b00000|
|  14|0x00000000c3c00000, 0x00000000c3c00000, 0x00000000c3d00000|  0%| F|  |TS  0|AC  0|TAMS 0x00000000c3c00000, 0x00000000c3c00000|
|  15|0x00000000c3d00000, 0x00000000c3d00000, 0x00000000c3e00000|  0%| F|  |TS  0|AC  0|TAMS 0x00000000c3d00000, 0x00000000c3d00000|
|  16|0x00000000c3e00000, 0x00000000c3e00000, 0x00000000c3f00000|  0%| F|  |TS  0|AC  0|TAMS 0x00000000c3e00000, 0x00000000c3e00000|
|  17|0x00000000c3f00000, 0x00000000c3f00000, 0x00000000c4000000|  0%| F|  |TS  0|AC  0|TAMS 0x00000000c3f00000, 0x00000000c3f00000|
|  18|0x00000000c4000000, 0x00000000c4000000, 0x00000000c4100000|  0%| F|  |TS  0|AC  0|TAMS 0x00000000c4000000, 0x00000000c4000000|
|  19|0x00000000c4100000, 0x00000000c4100000, 0x00000000c4200000|  0%| F|  |TS  0|AC  0|TAMS 0x00000000c4100000, 0x00000000c4100000|
|  20|0x00000000c4200000, 0x00000000c4200000, 0x00000000c4300000|  0%| F|  |TS  0|AC  0|TAMS 0x00000000c4200000, 0x00000000c4200000|
|  21|0x00000000c4300000, 0x00000000c4300000, 0x00000000c4400000|  0%| F|  |TS  0|AC  0|TAMS 0x00000000c4300000, 0x00000000c4300000|
|  22|0x00000000c4400000, 0x00000000c4400000, 0x00000000c4500000|  0%| F|  |TS  0|AC  0|TAMS 0x00000000c4400000, 0x00000000c4400000|
|  23|0x00000000c4500000, 0x00000000c4500000, 0x00000000c4600000|  0%| F|  |TS  0|AC  0|TAMS 0x00000000c4500000, 0x00000000c4500000|
|  24|0x00000000c4600000, 0x00000000c4600000, 0x00000000c4700000|  0%| F|  |TS  0|AC  0|TAMS 0x00000000c4600000, 0x00000000c4600000|
|  25|0x00000000c4700000, 0x00000000c4700000, 0x00000000c4800000|  0%| F|  |TS  0|AC  0|TAMS 0x00000000c4700000, 0x00000000c4700000|
|  26|0x00000000c4800000, 0x00000000c4800000, 0x00000000c4900000|  0%| F|  |TS  0|AC  0|TAMS 0x00000000c4800000, 0x00000000c4800000|
|  27|0x00000000c4900000, 0x00000000c4900000, 0x00000000c4a00000|  0%| F|  |TS  0|AC  0|TAMS 0x00000000c4900000, 0x00000000c4900000|
|  28|0x00000000c4a00000, 0x00000000c4a00000, 0x00000000c4b00000|  0%| F|  |TS  0|AC  0|TAMS 0x00000000c4a00000, 0x00000000c4a00000|
|  29|0x00000000c4b00000, 0x00000000c4b00000, 0x00000000c4c00000|  0%| F|  |TS  0|AC  0|TAMS 0x00000000c4b00000, 0x00000000c4b00000|
|  30|0x00000000c4c00000, 0x00000000c4c00000, 0x00000000c4d00000|  0%| F|  |TS  0|AC  0|TAMS 0x00000000c4c00000, 0x00000000c4c00000|
|  31|0x00000000c4d00000, 0x00000000c4d00000, 0x00000000c4e00000|  0%| F|  |TS  0|AC  0|TAMS 0x00000000c4d00000, 0x00000000c4d00000|
|  32|0x00000000c4e00000, 0x00000000c4e00000, 0x00000000c4f00000|  0%| F|  |TS  0|AC  0|TAMS 0x00000000c4e00000, 0x00000000c4e00000|
|  33|0x00000000c4f00000, 0x00000000c4f00000, 0x00000000c5000000|  0%| F|  |TS  0|AC  0|TAMS 0x00000000c4f00000, 0x00000000c4f00000|
|  34|0x00000000c5000000, 0x00000000c5000000, 0x00000000c5100000|  0%| F|  |TS  0|AC  0|TAMS 0x00000000c5000000, 0x00000000c5000000|
|  35|0x00000000c5100000, 0x00000000c5100000, 0x00000000c5200000|  0%| F|  |TS  0|AC  0|TAMS 0x00000000c5100000, 0x00000000c5100000|
|  36|0x00000000c5200000, 0x00000000c5200000, 0x00000000c5300000|  0%| F|  |TS  0|AC  0|TAMS 0x00000000c5200000, 0x00000000c5200000|
|  37|0x00000000c5300000, 0x00000000c5300000, 0x00000000c5400000|  0%| F|  |TS  0|AC  0|TAMS 0x00000000c5300000, 0x00000000c5300000|
|  38|0x00000000c5400000, 0x00000000c5400000, 0x00000000c5500000|  0%| F|  |TS  0|AC  0|TAMS 0x00000000c5400000, 0x00000000c5400000|
|  39|0x00000000c5500000, 0x00000000c5500000, 0x00000000c5600000|  0%| F|  |TS  0|AC  0|TAMS 0x00000000c5500000, 0x00000000c5500000|
|  40|0x00000000c5600000, 0x00000000c5600000, 0x00000000c5700000|  0%| F|  |TS  0|AC  0|TAMS 0x00000000c5600000, 0x00000000c5600000|
|  41|0x00000000c5700000, 0x00000000c5700000, 0x00000000c5800000|  0%| F|  |TS  0|AC  0|TAMS 0x00000000c5700000, 0x00000000c5700000|
|  42|0x00000000c5800000, 0x00000000c5800000, 0x00000000c5900000|  0%| F|  |TS  0|AC  0|TAMS 0x00000000c5800000, 0x00000000c5800000|
|  43|0x00000000c5900000, 0x00000000c5900000, 0x00000000c5a00000|  0%| F|  |TS  0|AC  0|TAMS 0x00000000c5900000, 0x00000000c5900000|
|  44|0x00000000c5a00000, 0x00000000c5a00000, 0x00000000c5b00000|  0%| F|  |TS  0|AC  0|TAMS 0x00000000c5a00000, 0x00000000c5a00000|
|  45|0x00000000c5b00000, 0x00000000c5b00000, 0x00000000c5c00000|  0%| F|  |TS  0|AC  0|TAMS 0x00000000c5b00000, 0x00000000c5b00000|
|  46|0x00000000c5c00000, 0x00000000c5c00000, 0x00000000c5d00000|  0%| F|  |TS  0|AC  0|TAMS 0x00000000c5c00000, 0x00000000c5c00000|
|  47|0x00000000c5d00000, 0x00000000c5d00000, 0x00000000c5e00000|  0%| F|  |TS  0|AC  0|TAMS 0x00000000c5d00000, 0x00000000c5d00000|
|  48|0x00000000c5e00000, 0x00000000c5e00000, 0x00000000c5f00000|  0%| F|  |TS  0|AC  0|TAMS 0x00000000c5e00000, 0x00000000c5e00000|
|  49|0x00000000c5f00000, 0x00000000c5f00000, 0x00000000c6000000|  0%| F|  |TS  0|AC  0|TAMS 0x00000000c5f00000, 0x00000000c5f00000|
|  50|0x00000000c6000000, 0x00000000c6000000, 0x00000000c6100000|  0%| F|  |TS  0|AC  0|TAMS 0x00000000c6000000, 0x00000000c6000000|
|  51|0x00000000c6100000, 0x00000000c6100000, 0x00000000c6200000|  0%| F|  |TS  0|AC  0|TAMS 0x00000000c6100000, 0x00000000c6100000|
|  52|0x00000000c6200000, 0x00000000c6200000, 0x00000000c6300000|  0%| F|  |TS  0|AC  0|TAMS 0x00000000c6200000, 0x00000000c6200000|
|  53|0x00000000c6300000, 0x00000000c6300000, 0x00000000c6400000|  0%| F|  |TS  0|AC  0|TAMS 0x00000000c6300000, 0x00000000c6300000|
|  54|0x00000000c6400000, 0x00000000c6400000, 0x00000000c6500000|  0%| F|  |TS  0|AC  0|TAMS 0x00000000c6400000, 0x00000000c6400000|
|  55|0x00000000c6500000, 0x00000000c6500000, 0x00000000c6600000|  0%| F|  |TS  0|AC  0|TAMS 0x00000000c6500000, 0x00000000c6500000|
|  56|0x00000000c6600000, 0x00000000c6600000, 0x00000000c6700000|  0%| F|  |TS  0|AC  0|TAMS 0x00000000c6600000, 0x00000000c6600000|
|  57|0x00000000c6700000, 0x00000000c67b8d50, 0x00000000c6800000| 72%| E|  |TS  0|AC  0|TAMS 0x00000000c6700000, 0x00000000c6700000|
|  58|0x00000000c6800000, 0x00000000c6900000, 0x00000000c6900000|100%| S|CS|TS  1|AC  0|TAMS 0x00000000c6800000, 0x00000000c6800000|
|  59|0x00000000c6900000, 0x00000000c6a00000, 0x00000000c6a00000|100%| E|CS|TS  0|AC  0|TAMS 0x00000000c6900000, 0x00000000c6900000|
|  60|0x00000000c6a00000, 0x00000000c6b00000, 0x00000000c6b00000|100%| E|CS|TS  0|AC  0|TAMS 0x00000000c6a00000, 0x00000000c6a00000|
|  61|0x00000000c6b00000, 0x00000000c6c00000, 0x00000000c6c00000|100%| E|CS|TS  0|AC  0|TAMS 0x00000000c6b00000, 0x00000000c6b00000|

Card table byte_map: [0x00007fb9a1895000,0x00007fb9a1a7e000] byte_map_base: 0x00007fb9a127e000

Marking Bits (Prev, Next): (CMBitMap*) 0x00007fb99c040c50, (CMBitMap*) 0x00007fb99c040ca8
 Prev Bits: [0x00007fb9a0764000, 0x00007fb9a16ac000)
 Next Bits: [0x00007fb984d09000, 0x00007fb985c51000)

Polling page: 0x00007fb9a621e000

CodeHeap 'non-nmethods': size=5692Kb used=1254Kb max_used=1270Kb free=4437Kb
 bounds [0x00007fb985c51000, 0x00007fb985ec1000, 0x00007fb9861e0000]
CodeHeap 'profiled nmethods': size=120032Kb used=760Kb max_used=760Kb free=119271Kb
 bounds [0x00007fb9861e0000, 0x00007fb986450000, 0x00007fb98d718000]
CodeHeap 'non-profiled nmethods': size=120036Kb used=157Kb max_used=157Kb free=119879Kb
 bounds [0x00007fb98d718000, 0x00007fb98d988000, 0x00007fb994c51000]
 total_blobs=1131 nmethods=503 adapters=429
 compilation: enabled

Compilation events (10 events):
Event: 0.522 Thread 0x00007fb99c106800  501       3       java.lang.invoke.MethodHandleNatives::refKindIsField (32 bytes)
Event: 0.522 Thread 0x00007fb99c106800 nmethod 501 0x00007fb986298490 code [0x00007fb986298600, 0x00007fb9862987b0]
Event: 0.522 Thread 0x00007fb99c106800  496       3       java.lang.invoke.MethodHandles$Lookup::lookupClassOrNull (17 bytes)
Event: 0.523 Thread 0x00007fb99c106800 nmethod 496 0x00007fb986298810 code [0x00007fb986298980, 0x00007fb986298b30]
Event: 0.523 Thread 0x00007fb99c106800  487       3       java.lang.invoke.DirectMethodHandle::make (199 bytes)
Event: 0.524 Thread 0x00007fb99c106800 nmethod 487 0x00007fb986298b90 code [0x00007fb986298ee0, 0x00007fb98629a728]
Event: 0.524 Thread 0x00007fb99c106800  488       3       java.lang.invoke.MemberName::isField (7 bytes)
Event: 0.524 Thread 0x00007fb99c106800 nmethod 488 0x00007fb98629af90 code [0x00007fb98629b120, 0x00007fb98629b390]
Event: 0.528 Thread 0x00007fb99c104800 nmethod 462 0x00007fb98d73d390 code [0x00007fb98d73d4e0, 0x00007fb98d73d818]
Event: 0.528 Thread 0x00007fb99c104800  495       4       java.util.HashMap::putVal (300 bytes)

GC Heap History (2 events):
Event: 0.250 GC heap before
{Heap before GC invocations=0 (full 0):
 garbage-first heap   total 63488K, used 3072K [0x00000000c2e00000, 0x00000000c2f001f0, 0x0000000100000000)
  region size 1024K, 3 young (3072K), 0 survivors (0K)
 Metaspace       used 7070K, capacity 7210K, committed 7552K, reserved 1056768K
  class space    used 727K, capacity 789K, committed 896K, reserved 1048576K
}
Event: 0.260 GC heap after
{Heap after GC invocations=1 (full 0):
 garbage-first heap   total 63488K, used 1225K [0x00000000c2e00000, 0x00000000c2f001f0, 0x0000000100000000)
  region size 1024K, 1 young (1024K), 1 survivors (1024K)
 Metaspace       used 7070K, capacity 7210K, committed 7552K, reserved 1056768K
  class space    used 727K, capacity 789K, committed 896K, reserved 1048576K
}

Deoptimization events (10 events):
Event: 0.266 Thread 0x00007fb99c010800 Uncommon trap: reason=class_check action=maybe_recompile pc=0x00007fb98d72c820 method=java.util.HashMap.putVal(ILjava/lang/Object;Ljava/lang/Object;ZZ)Ljava/lang/Object; @ 203
Event: 0.324 Thread 0x00007fb99c010800 Uncommon trap: reason=unstable_if action=reinterpret pc=0x00007fb98d72db50 method=java.util.HashMap.hash(Ljava/lang/Object;)I @ 1
Event: 0.332 Thread 0x00007fb99c010800 Uncommon trap: reason=unstable_if action=reinterpret pc=0x00007fb98d720988 method=java.util.HashMap.hash(Ljava/lang/Object;)I @ 1
Event: 0.343 Thread 0x00007fb99c010800 Uncommon trap: reason=class_check action=maybe_recompile pc=0x00007fb98d72c32c method=java.util.HashMap.putVal(ILjava/lang/Object;Ljava/lang/Object;ZZ)Ljava/lang/Object; @ 253
Event: 0.344 Thread 0x00007fb99c010800 Uncommon trap: reason=class_check action=maybe_recompile pc=0x00007fb98d72c820 method=java.util.HashMap.putVal(ILjava/lang/Object;Ljava/lang/Object;ZZ)Ljava/lang/Object; @ 203
Event: 0.344 Thread 0x00007fb99c010800 Uncommon trap: reason=class_check action=maybe_recompile pc=0x00007fb98d72c32c method=java.util.HashMap.putVal(ILjava/lang/Object;Ljava/lang/Object;ZZ)Ljava/lang/Object; @ 253
Event: 0.352 Thread 0x00007fb99c010800 Uncommon trap: reason=unstable_fused_if action=reinterpret pc=0x00007fb98d72af54 method=jdk.internal.org.objectweb.asm.ByteVector.putUTF8(Ljava/lang/String;)Ljdk/internal/org/objectweb/asm/ByteVector; @ 91
Event: 0.516 Thread 0x00007fb99c352000 Uncommon trap: reason=bimorphic_or_optimized_type_check action=maybe_recompile pc=0x00007fb98d73c8d8 method=java.util.HashMap.putVal(ILjava/lang/Object;Ljava/lang/Object;ZZ)Ljava/lang/Object; @ 203
Event: 0.516 Thread 0x00007fb99c352000 Uncommon trap: reason=class_check action=maybe_recompile pc=0x00007fb98d73c870 method=java.util.HashMap.putVal(ILjava/lang/Object;Ljava/lang/Object;ZZ)Ljava/lang/Object; @ 91
Event: 0.516 Thread 0x00007fb99c352000 Uncommon trap: reason=class_check action=maybe_recompile pc=0x00007fb98d73c870 method=java.util.HashMap.putVal(ILjava/lang/Object;Ljava/lang/Object;ZZ)Ljava/lang/Object; @ 91

Classes redefined (0 events):
No events

Internal exceptions (7 events):
Event: 0.173 Thread 0x00007fb99c010800 Exception <a 'java/lang/ClassNotFoundException': sun/awt/resources/awtProvider> (0x00000000c6942c80) thrown at [/build/openjdk-9-argm_o/openjdk-9-9~b114/src/hotspot/src/share/vm/classfile/systemDictionary.cpp, line 224]
Event: 0.189 Thread 0x00007fb99c010800 Exception <a 'java/io/FileNotFoundException'> (0x00000000c6982be8) thrown at [/build/openjdk-9-argm_o/openjdk-9-9~b114/src/hotspot/src/share/vm/prims/jni.cpp, line 605]
Event: 0.191 Thread 0x00007fb99c010800 Exception <a 'java/io/FileNotFoundException'> (0x00000000c698ac18) thrown at [/build/openjdk-9-argm_o/openjdk-9-9~b114/src/hotspot/src/share/vm/prims/jni.cpp, line 605]
Event: 0.315 Thread 0x00007fb99c010800 Exception <a 'java/lang/ClassNotFoundException': com/sun/swing/internal/plaf/metal/resources/metalProvider> (0x00000000c6903e78) thrown at [/build/openjdk-9-argm_o/openjdk-9-9~b114/src/hotspot/src/share/vm/classfile/systemDictionary.cpp, line 224]
Event: 0.316 Thread 0x00007fb99c010800 Exception <a 'java/lang/ClassNotFoundException': com/sun/swing/internal/plaf/basic/resources/basicProvider> (0x00000000c69074d8) thrown at [/build/openjdk-9-argm_o/openjdk-9-9~b114/src/hotspot/src/share/vm/classfile/systemDictionary.cpp, line 224]
Event: 0.324 Thread 0x00007fb99c010800 Implicit null exception at 0x00007fb98d72dab8 to 0x00007fb98d72db46
Event: 0.332 Thread 0x00007fb99c010800 Implicit null exception at 0x00007fb98d72090f to 0x00007fb98d720979

Events (10 events):
Event: 0.527 loading class sun/nio/cs/UTF_16$Decoder
Event: 0.527 loading class sun/nio/cs/UnicodeDecoder
Event: 0.527 loading class sun/nio/cs/UnicodeDecoder done
Event: 0.527 loading class sun/nio/cs/UTF_16$Decoder done
Event: 0.528 loading class sun/font/FileFontStrike
Event: 0.528 loading class sun/font/FileFontStrike done
Event: 0.528 loading class sun/font/FontScaler
Event: 0.528 loading class sun/font/FontScaler done
Event: 0.528 loading class sun/font/FreetypeFontScaler
Event: 0.528 loading class sun/font/FreetypeFontScaler done


Dynamic libraries:
00400000-00401000 r-xp 00000000 08:05 2243470                            /usr/lib/jvm/java-9-openjdk-amd64/bin/java
00600000-00601000 r--p 00000000 08:05 2243470                            /usr/lib/jvm/java-9-openjdk-amd64/bin/java
00601000-00602000 rw-p 00001000 08:05 2243470                            /usr/lib/jvm/java-9-openjdk-amd64/bin/java
01410000-01431000 rw-p 00000000 00:00 0                                  [heap]
c2e00000-c6c00000 rw-p 00000000 00:00 0 
c6c00000-100000000 ---p 00000000 00:00 0 
100000000-100160000 rw-p 00000000 00:00 0 
100160000-140000000 ---p 00000000 00:00 0 
7fb943c4c000-7fb943c50000 ---p 00000000 00:00 0 
7fb943c50000-7fb943d4d000 rw-p 00000000 00:00 0 
7fb943d4d000-7fb943d51000 ---p 00000000 00:00 0 
7fb943d51000-7fb94400e000 rw-p 00000000 00:00 0 
7fb94400e000-7fb94404e000 ---p 00000000 00:00 0 
7fb94404e000-7fb944052000 ---p 00000000 00:00 0 
7fb944052000-7fb94414f000 rw-p 00000000 00:00 0 
7fb94414f000-7fb944154000 r-xp 00000000 08:05 2237500                    /usr/lib/x86_64-linux-gnu/libXfixes.so.3.1.0
7fb944154000-7fb944353000 ---p 00005000 08:05 2237500                    /usr/lib/x86_64-linux-gnu/libXfixes.so.3.1.0
7fb944353000-7fb944354000 r--p 00004000 08:05 2237500                    /usr/lib/x86_64-linux-gnu/libXfixes.so.3.1.0
7fb944354000-7fb944355000 rw-p 00005000 08:05 2237500                    /usr/lib/x86_64-linux-gnu/libXfixes.so.3.1.0
7fb944355000-7fb94435e000 r-xp 00000000 08:05 2237492                    /usr/lib/x86_64-linux-gnu/libXcursor.so.1.0.2
7fb94435e000-7fb94455d000 ---p 00009000 08:05 2237492                    /usr/lib/x86_64-linux-gnu/libXcursor.so.1.0.2
7fb94455d000-7fb94455e000 r--p 00008000 08:05 2237492                    /usr/lib/x86_64-linux-gnu/libXcursor.so.1.0.2
7fb94455e000-7fb94455f000 rw-p 00009000 08:05 2237492                    /usr/lib/x86_64-linux-gnu/libXcursor.so.1.0.2
7fb94455f000-7fb944563000 ---p 00000000 00:00 0 
7fb944563000-7fb944660000 rw-p 00000000 00:00 0 
7fb944660000-7fb944684000 r-xp 00000000 08:05 661012                     /lib/x86_64-linux-gnu/libpng12.so.0.54.0
7fb944684000-7fb944883000 ---p 00024000 08:05 661012                     /lib/x86_64-linux-gnu/libpng12.so.0.54.0
7fb944883000-7fb944884000 r--p 00023000 08:05 661012                     /lib/x86_64-linux-gnu/libpng12.so.0.54.0
7fb944884000-7fb944885000 rw-p 00024000 08:05 661012                     /lib/x86_64-linux-gnu/libpng12.so.0.54.0
7fb944885000-7fb944929000 r-xp 00000000 08:05 2229558                    /usr/lib/x86_64-linux-gnu/libfreetype.so.6.12.1
7fb944929000-7fb944b28000 ---p 000a4000 08:05 2229558                    /usr/lib/x86_64-linux-gnu/libfreetype.so.6.12.1
7fb944b28000-7fb944b2e000 r--p 000a3000 08:05 2229558                    /usr/lib/x86_64-linux-gnu/libfreetype.so.6.12.1
7fb944b2e000-7fb944b2f000 rw-p 000a9000 08:05 2229558                    /usr/lib/x86_64-linux-gnu/libfreetype.so.6.12.1
7fb944b2f000-7fb944bf5000 r-xp 00000000 08:05 2243490                    /usr/lib/jvm/java-9-openjdk-amd64/lib/amd64/libfontmanager.so
7fb944bf5000-7fb944df4000 ---p 000c6000 08:05 2243490                    /usr/lib/jvm/java-9-openjdk-amd64/lib/amd64/libfontmanager.so
7fb944df4000-7fb944df7000 r--p 000c5000 08:05 2243490                    /usr/lib/jvm/java-9-openjdk-amd64/lib/amd64/libfontmanager.so
7fb944df7000-7fb944df8000 rw-p 000c8000 08:05 2243490                    /usr/lib/jvm/java-9-openjdk-amd64/lib/amd64/libfontmanager.so
7fb944df8000-7fb944df9000 rw-p 00000000 00:00 0 
7fb944df9000-7fb944dfe000 r-xp 00000000 08:05 2237496                    /usr/lib/x86_64-linux-gnu/libXdmcp.so.6.0.0
7fb944dfe000-7fb944ffd000 ---p 00005000 08:05 2237496                    /usr/lib/x86_64-linux-gnu/libXdmcp.so.6.0.0
7fb944ffd000-7fb944ffe000 r--p 00004000 08:05 2237496                    /usr/lib/x86_64-linux-gnu/libXdmcp.so.6.0.0
7fb944ffe000-7fb944fff000 rw-p 00005000 08:05 2237496                    /usr/lib/x86_64-linux-gnu/libXdmcp.so.6.0.0
7fb944fff000-7fb948000000 rw-p 00000000 00:00 0 
7fb948000000-7fb94821d000 rw-p 00000000 00:00 0 
7fb94821d000-7fb94c000000 ---p 00000000 00:00 0 
7fb94c000000-7fb94c1b3000 rw-p 00000000 00:00 0 
7fb94c1b3000-7fb950000000 ---p 00000000 00:00 0 
7fb950000000-7fb950021000 rw-p 00000000 00:00 0 
7fb950021000-7fb954000000 ---p 00000000 00:00 0 
7fb954000000-7fb954021000 rw-p 00000000 00:00 0 
7fb954021000-7fb958000000 ---p 00000000 00:00 0 
7fb958000000-7fb958021000 rw-p 00000000 00:00 0 
7fb958021000-7fb95c000000 ---p 00000000 00:00 0 
7fb95c000000-7fb95c021000 rw-p 00000000 00:00 0 
7fb95c021000-7fb960000000 ---p 00000000 00:00 0 
7fb960000000-7fb960034000 rw-p 00000000 00:00 0 
7fb960034000-7fb964000000 ---p 00000000 00:00 0 
7fb964011000-7fb964013000 r-xp 00000000 08:05 2237485                    /usr/lib/x86_64-linux-gnu/libXau.so.6.0.0
7fb964013000-7fb964213000 ---p 00002000 08:05 2237485                    /usr/lib/x86_64-linux-gnu/libXau.so.6.0.0
7fb964213000-7fb964214000 r--p 00002000 08:05 2237485                    /usr/lib/x86_64-linux-gnu/libXau.so.6.0.0
7fb964214000-7fb964215000 rw-p 00003000 08:05 2237485                    /usr/lib/x86_64-linux-gnu/libXau.so.6.0.0
7fb964215000-7fb964236000 r-xp 00000000 08:05 2238909                    /usr/lib/x86_64-linux-gnu/libxcb.so.1.1.0
7fb964236000-7fb964435000 ---p 00021000 08:05 2238909                    /usr/lib/x86_64-linux-gnu/libxcb.so.1.1.0
7fb964435000-7fb964436000 r--p 00020000 08:05 2238909                    /usr/lib/x86_64-linux-gnu/libxcb.so.1.1.0
7fb964436000-7fb964437000 rw-p 00021000 08:05 2238909                    /usr/lib/x86_64-linux-gnu/libxcb.so.1.1.0
7fb964437000-7fb964446000 r-xp 00000000 08:05 2237508                    /usr/lib/x86_64-linux-gnu/libXi.so.6.1.0
7fb964446000-7fb964645000 ---p 0000f000 08:05 2237508                    /usr/lib/x86_64-linux-gnu/libXi.so.6.1.0
7fb964645000-7fb964646000 r--p 0000e000 08:05 2237508                    /usr/lib/x86_64-linux-gnu/libXi.so.6.1.0
7fb964646000-7fb964647000 rw-p 0000f000 08:05 2237508                    /usr/lib/x86_64-linux-gnu/libXi.so.6.1.0
7fb964647000-7fb96464c000 r-xp 00000000 08:05 2237526                    /usr/lib/x86_64-linux-gnu/libXtst.so.6.1.0
7fb96464c000-7fb96484b000 ---p 00005000 08:05 2237526                    /usr/lib/x86_64-linux-gnu/libXtst.so.6.1.0
7fb96484b000-7fb96484c000 r--p 00004000 08:05 2237526                    /usr/lib/x86_64-linux-gnu/libXtst.so.6.1.0
7fb96484c000-7fb96484d000 rw-p 00005000 08:05 2237526                    /usr/lib/x86_64-linux-gnu/libXtst.so.6.1.0
7fb96484d000-7fb964856000 r-xp 00000000 08:05 2237520                    /usr/lib/x86_64-linux-gnu/libXrender.so.1.3.0
7fb964856000-7fb964a55000 ---p 00009000 08:05 2237520                    /usr/lib/x86_64-linux-gnu/libXrender.so.1.3.0
7fb964a55000-7fb964a56000 r--p 00008000 08:05 2237520                    /usr/lib/x86_64-linux-gnu/libXrender.so.1.3.0
7fb964a56000-7fb964a57000 rw-p 00009000 08:05 2237520                    /usr/lib/x86_64-linux-gnu/libXrender.so.1.3.0
7fb964a57000-7fb964b8c000 r-xp 00000000 08:05 2228248                    /usr/lib/x86_64-linux-gnu/libX11.so.6.3.0
7fb964b8c000-7fb964d8c000 ---p 00135000 08:05 2228248                    /usr/lib/x86_64-linux-gnu/libX11.so.6.3.0
7fb964d8c000-7fb964d8d000 r--p 00135000 08:05 2228248                    /usr/lib/x86_64-linux-gnu/libX11.so.6.3.0
7fb964d8d000-7fb964d91000 rw-p 00136000 08:05 2228248                    /usr/lib/x86_64-linux-gnu/libX11.so.6.3.0
7fb964d91000-7fb964da2000 r-xp 00000000 08:05 2237498                    /usr/lib/x86_64-linux-gnu/libXext.so.6.4.0
7fb964da2000-7fb964fa1000 ---p 00011000 08:05 2237498                    /usr/lib/x86_64-linux-gnu/libXext.so.6.4.0
7fb964fa1000-7fb964fa2000 r--p 00010000 08:05 2237498                    /usr/lib/x86_64-linux-gnu/libXext.so.6.4.0
7fb964fa2000-7fb964fa3000 rw-p 00011000 08:05 2237498                    /usr/lib/x86_64-linux-gnu/libXext.so.6.4.0
7fb964fa3000-7fb964ffa000 r-xp 00000000 08:05 2243511                    /usr/lib/jvm/java-9-openjdk-amd64/lib/amd64/libawt_xawt.so
7fb964ffa000-7fb9651fa000 ---p 00057000 08:05 2243511                    /usr/lib/jvm/java-9-openjdk-amd64/lib/amd64/libawt_xawt.so
7fb9651fa000-7fb9651fb000 r--p 00057000 08:05 2243511                    /usr/lib/jvm/java-9-openjdk-amd64/lib/amd64/libawt_xawt.so
7fb9651fb000-7fb9651fe000 rw-p 00058000 08:05 2243511                    /usr/lib/jvm/java-9-openjdk-amd64/lib/amd64/libawt_xawt.so
7fb9651fe000-7fb9651ff000 rw-p 00000000 00:00 0 
7fb9651ff000-7fb96529f000 r-xp 00000000 08:05 2243489                    /usr/lib/jvm/java-9-openjdk-amd64/lib/amd64/libawt.so
7fb96529f000-7fb96549e000 ---p 000a0000 08:05 2243489                    /usr/lib/jvm/java-9-openjdk-amd64/lib/amd64/libawt.so
7fb96549e000-7fb96549f000 r--p 0009f000 08:05 2243489                    /usr/lib/jvm/java-9-openjdk-amd64/lib/amd64/libawt.so
7fb96549f000-7fb9654aa000 rw-p 000a0000 08:05 2243489                    /usr/lib/jvm/java-9-openjdk-amd64/lib/amd64/libawt.so
7fb9654aa000-7fb9654cf000 rw-p 00000000 00:00 0 
7fb9654cf000-7fb9654d0000 ---p 00000000 00:00 0 
7fb9654d0000-7fb9655d0000 rw-p 00000000 00:00 0 
7fb9655d0000-7fb9655d4000 ---p 00000000 00:00 0 
7fb9655d4000-7fb9656d1000 rw-p 00000000 00:00 0 
7fb9656d1000-7fb9656d5000 ---p 00000000 00:00 0 
7fb9656d5000-7fb9657d2000 rw-p 00000000 00:00 0 
7fb9657d2000-7fb9657e8000 r-xp 00000000 08:05 2243491                    /usr/lib/jvm/java-9-openjdk-amd64/lib/amd64/libnet.so
7fb9657e8000-7fb9659e7000 ---p 00016000 08:05 2243491                    /usr/lib/jvm/java-9-openjdk-amd64/lib/amd64/libnet.so
7fb9659e7000-7fb9659e8000 r--p 00015000 08:05 2243491                    /usr/lib/jvm/java-9-openjdk-amd64/lib/amd64/libnet.so
7fb9659e8000-7fb9659e9000 rw-p 00016000 08:05 2243491                    /usr/lib/jvm/java-9-openjdk-amd64/lib/amd64/libnet.so
7fb9659e9000-7fb9659fa000 r-xp 00000000 08:05 2243512                    /usr/lib/jvm/java-9-openjdk-amd64/lib/amd64/libnio.so
7fb9659fa000-7fb965bfa000 ---p 00011000 08:05 2243512                    /usr/lib/jvm/java-9-openjdk-amd64/lib/amd64/libnio.so
7fb965bfa000-7fb965bfb000 r--p 00011000 08:05 2243512                    /usr/lib/jvm/java-9-openjdk-amd64/lib/amd64/libnio.so
7fb965bfb000-7fb965bfc000 rw-p 00012000 08:05 2243512                    /usr/lib/jvm/java-9-openjdk-amd64/lib/amd64/libnio.so
7fb965bfc000-7fb965c00000 ---p 00000000 00:00 0 
7fb965c00000-7fb965cfd000 rw-p 00000000 00:00 0 
7fb965cfd000-7fb965d01000 ---p 00000000 00:00 0 
7fb965d01000-7fb965dfe000 rw-p 00000000 00:00 0 
7fb965dfe000-7fb965e02000 ---p 00000000 00:00 0 
7fb965e02000-7fb965eff000 rw-p 00000000 00:00 0 
7fb965eff000-7fb965f03000 ---p 00000000 00:00 0 
7fb965f03000-7fb968000000 rw-p 00000000 00:00 0 
7fb968000000-7fb968021000 rw-p 00000000 00:00 0 
7fb968021000-7fb96c000000 ---p 00000000 00:00 0 
7fb96c000000-7fb96c021000 rw-p 00000000 00:00 0 
7fb96c021000-7fb970000000 ---p 00000000 00:00 0 
7fb970000000-7fb970021000 rw-p 00000000 00:00 0 
7fb970021000-7fb974000000 ---p 00000000 00:00 0 
7fb974000000-7fb974021000 rw-p 00000000 00:00 0 
7fb974021000-7fb978000000 ---p 00000000 00:00 0 
7fb978000000-7fb978021000 rw-p 00000000 00:00 0 
7fb978021000-7fb97c000000 ---p 00000000 00:00 0 
7fb97c000000-7fb97c021000 rw-p 00000000 00:00 0 
7fb97c021000-7fb980000000 ---p 00000000 00:00 0 
7fb980000000-7fb980021000 rw-p 00000000 00:00 0 
7fb980021000-7fb984000000 ---p 00000000 00:00 0 
7fb98402f000-7fb984033000 ---p 00000000 00:00 0 
7fb984033000-7fb984130000 rw-p 00000000 00:00 0 
7fb984130000-7fb984408000 r--p 00000000 08:05 2233294                    /usr/lib/locale/locale-archive
7fb984408000-7fb98440c000 ---p 00000000 00:00 0 
7fb98440c000-7fb984e01000 rw-p 00000000 00:00 0 
7fb984e01000-7fb985c51000 ---p 00000000 00:00 0 
7fb985c51000-7fb985ec1000 rwxp 00000000 00:00 0 
7fb985ec1000-7fb9861e0000 ---p 00000000 00:00 0 
7fb9861e0000-7fb986450000 rwxp 00000000 00:00 0 
7fb986450000-7fb98d718000 ---p 00000000 00:00 0 
7fb98d718000-7fb98d988000 rwxp 00000000 00:00 0 
7fb98d988000-7fb994c51000 ---p 00000000 00:00 0 
7fb994c51000-7fb99c000000 r--s 00000000 08:05 2243475                    /usr/lib/jvm/java-9-openjdk-amd64/lib/modules
7fb99c000000-7fb99c35c000 rw-p 00000000 00:00 0 
7fb99c35c000-7fb9a0000000 ---p 00000000 00:00 0 
7fb9a008d000-7fb9a0091000 ---p 00000000 00:00 0 
7fb9a0091000-7fb9a018e000 rw-p 00000000 00:00 0 
7fb9a018e000-7fb9a018f000 ---p 00000000 00:00 0 
7fb9a018f000-7fb9a0562000 rw-p 00000000 00:00 0 
7fb9a0562000-7fb9a0563000 ---p 00000000 00:00 0 
7fb9a0563000-7fb9a0663000 rw-p 00000000 00:00 0 
7fb9a0663000-7fb9a0664000 ---p 00000000 00:00 0 
7fb9a0664000-7fb9a085c000 rw-p 00000000 00:00 0 
7fb9a085c000-7fb9a16ac000 ---p 00000000 00:00 0 
7fb9a16ac000-7fb9a16cb000 rw-p 00000000 00:00 0 
7fb9a16cb000-7fb9a1895000 ---p 00000000 00:00 0 
7fb9a1895000-7fb9a18b4000 rw-p 00000000 00:00 0 
7fb9a18b4000-7fb9a1c67000 ---p 00000000 00:00 0 
7fb9a1c67000-7fb9a1c86000 rw-p 00000000 00:00 0 
7fb9a1c86000-7fb9a1e50000 ---p 00000000 00:00 0 
7fb9a1e50000-7fb9a1e51000 ---p 00000000 00:00 0 
7fb9a1e51000-7fb9a1f51000 rw-p 00000000 00:00 0 
7fb9a1f51000-7fb9a1f52000 ---p 00000000 00:00 0 
7fb9a1f52000-7fb9a2052000 rw-p 00000000 00:00 0 
7fb9a2052000-7fb9a2053000 ---p 00000000 00:00 0 
7fb9a2053000-7fb9a2355000 rw-p 00000000 00:00 0 
7fb9a2355000-7fb9a2356000 ---p 00000000 00:00 0 
7fb9a2356000-7fb9a2456000 rw-p 00000000 00:00 0 
7fb9a2456000-7fb9a2457000 ---p 00000000 00:00 0 
7fb9a2457000-7fb9a255c000 rw-p 00000000 00:00 0 
7fb9a255c000-7fb9a2642000 ---p 00000000 00:00 0 
7fb9a2642000-7fb9a2647000 rw-p 00000000 00:00 0 
7fb9a2647000-7fb9a272d000 ---p 00000000 00:00 0 
7fb9a272d000-7fb9a2732000 r-xp 00000000 08:05 2243501                    /usr/lib/jvm/java-9-openjdk-amd64/lib/amd64/libjimage.so
7fb9a2732000-7fb9a2931000 ---p 00005000 08:05 2243501                    /usr/lib/jvm/java-9-openjdk-amd64/lib/amd64/libjimage.so
7fb9a2931000-7fb9a2932000 r--p 00004000 08:05 2243501                    /usr/lib/jvm/java-9-openjdk-amd64/lib/amd64/libjimage.so
7fb9a2932000-7fb9a2933000 rw-p 00005000 08:05 2243501                    /usr/lib/jvm/java-9-openjdk-amd64/lib/amd64/libjimage.so
7fb9a2933000-7fb9a293a000 r-xp 00000000 08:05 2243497                    /usr/lib/jvm/java-9-openjdk-amd64/lib/amd64/libzip.so
7fb9a293a000-7fb9a2b39000 ---p 00007000 08:05 2243497                    /usr/lib/jvm/java-9-openjdk-amd64/lib/amd64/libzip.so
7fb9a2b39000-7fb9a2b3a000 r--p 00006000 08:05 2243497                    /usr/lib/jvm/java-9-openjdk-amd64/lib/amd64/libzip.so
7fb9a2b3a000-7fb9a2b3b000 rw-p 00007000 08:05 2243497                    /usr/lib/jvm/java-9-openjdk-amd64/lib/amd64/libzip.so
7fb9a2b3b000-7fb9a2b46000 r-xp 00000000 08:05 656427                     /lib/x86_64-linux-gnu/libnss_files-2.23.so
7fb9a2b46000-7fb9a2d45000 ---p 0000b000 08:05 656427                     /lib/x86_64-linux-gnu/libnss_files-2.23.so
7fb9a2d45000-7fb9a2d46000 r--p 0000a000 08:05 656427                     /lib/x86_64-linux-gnu/libnss_files-2.23.so
7fb9a2d46000-7fb9a2d47000 rw-p 0000b000 08:05 656427                     /lib/x86_64-linux-gnu/libnss_files-2.23.so
7fb9a2d47000-7fb9a2d4d000 rw-p 00000000 00:00 0 
7fb9a2d4d000-7fb9a2d58000 r-xp 00000000 08:05 656434                     /lib/x86_64-linux-gnu/libnss_nis-2.23.so
7fb9a2d58000-7fb9a2f57000 ---p 0000b000 08:05 656434                     /lib/x86_64-linux-gnu/libnss_nis-2.23.so
7fb9a2f57000-7fb9a2f58000 r--p 0000a000 08:05 656434                     /lib/x86_64-linux-gnu/libnss_nis-2.23.so
7fb9a2f58000-7fb9a2f59000 rw-p 0000b000 08:05 656434                     /lib/x86_64-linux-gnu/libnss_nis-2.23.so
7fb9a2f59000-7fb9a2f6f000 r-xp 00000000 08:05 656435                     /lib/x86_64-linux-gnu/libnsl-2.23.so
7fb9a2f6f000-7fb9a316e000 ---p 00016000 08:05 656435                     /lib/x86_64-linux-gnu/libnsl-2.23.so
7fb9a316e000-7fb9a316f000 r--p 00015000 08:05 656435                     /lib/x86_64-linux-gnu/libnsl-2.23.so
7fb9a316f000-7fb9a3170000 rw-p 00016000 08:05 656435                     /lib/x86_64-linux-gnu/libnsl-2.23.so
7fb9a3170000-7fb9a3172000 rw-p 00000000 00:00 0 
7fb9a3172000-7fb9a317a000 r-xp 00000000 08:05 656437                     /lib/x86_64-linux-gnu/libnss_compat-2.23.so
7fb9a317a000-7fb9a3379000 ---p 00008000 08:05 656437                     /lib/x86_64-linux-gnu/libnss_compat-2.23.so
7fb9a3379000-7fb9a337a000 r--p 00007000 08:05 656437                     /lib/x86_64-linux-gnu/libnss_compat-2.23.so
7fb9a337a000-7fb9a337b000 rw-p 00008000 08:05 656437                     /lib/x86_64-linux-gnu/libnss_compat-2.23.so
7fb9a337b000-7fb9a33a6000 r-xp 00000000 08:05 2243484                    /usr/lib/jvm/java-9-openjdk-amd64/lib/amd64/libjava.so
7fb9a33a6000-7fb9a35a5000 ---p 0002b000 08:05 2243484                    /usr/lib/jvm/java-9-openjdk-amd64/lib/amd64/libjava.so
7fb9a35a5000-7fb9a35a6000 r--p 0002a000 08:05 2243484                    /usr/lib/jvm/java-9-openjdk-amd64/lib/amd64/libjava.so
7fb9a35a6000-7fb9a35a8000 rw-p 0002b000 08:05 2243484                    /usr/lib/jvm/java-9-openjdk-amd64/lib/amd64/libjava.so
7fb9a35a8000-7fb9a35b5000 r-xp 00000000 08:05 2243485                    /usr/lib/jvm/java-9-openjdk-amd64/lib/amd64/libverify.so
7fb9a35b5000-7fb9a37b4000 ---p 0000d000 08:05 2243485                    /usr/lib/jvm/java-9-openjdk-amd64/lib/amd64/libverify.so
7fb9a37b4000-7fb9a37b6000 r--p 0000c000 08:05 2243485                    /usr/lib/jvm/java-9-openjdk-amd64/lib/amd64/libverify.so
7fb9a37b6000-7fb9a37b7000 rw-p 0000e000 08:05 2243485                    /usr/lib/jvm/java-9-openjdk-amd64/lib/amd64/libverify.so
7fb9a37b7000-7fb9a37be000 r-xp 00000000 08:05 656426                     /lib/x86_64-linux-gnu/librt-2.23.so
7fb9a37be000-7fb9a39bd000 ---p 00007000 08:05 656426                     /lib/x86_64-linux-gnu/librt-2.23.so
7fb9a39bd000-7fb9a39be000 r--p 00006000 08:05 656426                     /lib/x86_64-linux-gnu/librt-2.23.so
7fb9a39be000-7fb9a39bf000 rw-p 00007000 08:05 656426                     /lib/x86_64-linux-gnu/librt-2.23.so
7fb9a39bf000-7fb9a39d5000 r-xp 00000000 08:05 660909                     /lib/x86_64-linux-gnu/libgcc_s.so.1
7fb9a39d5000-7fb9a3bd4000 ---p 00016000 08:05 660909                     /lib/x86_64-linux-gnu/libgcc_s.so.1
7fb9a3bd4000-7fb9a3bd5000 rw-p 00015000 08:05 660909                     /lib/x86_64-linux-gnu/libgcc_s.so.1
7fb9a3bd5000-7fb9a3cdd000 r-xp 00000000 08:05 656431                     /lib/x86_64-linux-gnu/libm-2.23.so
7fb9a3cdd000-7fb9a3edc000 ---p 00108000 08:05 656431                     /lib/x86_64-linux-gnu/libm-2.23.so
7fb9a3edc000-7fb9a3edd000 r--p 00107000 08:05 656431                     /lib/x86_64-linux-gnu/libm-2.23.so
7fb9a3edd000-7fb9a3ede000 rw-p 00108000 08:05 656431                     /lib/x86_64-linux-gnu/libm-2.23.so
7fb9a3ede000-7fb9a4050000 r-xp 00000000 08:05 2238658                    /usr/lib/x86_64-linux-gnu/libstdc++.so.6.0.21
7fb9a4050000-7fb9a4250000 ---p 00172000 08:05 2238658                    /usr/lib/x86_64-linux-gnu/libstdc++.so.6.0.21
7fb9a4250000-7fb9a425a000 r--p 00172000 08:05 2238658                    /usr/lib/x86_64-linux-gnu/libstdc++.so.6.0.21
7fb9a425a000-7fb9a425c000 rw-p 0017c000 08:05 2238658                    /usr/lib/x86_64-linux-gnu/libstdc++.so.6.0.21
7fb9a425c000-7fb9a4260000 rw-p 00000000 00:00 0 
7fb9a4260000-7fb9a50be000 r-xp 00000000 08:05 2360384                    /usr/lib/jvm/java-9-openjdk-amd64/lib/amd64/server/libjvm.so
7fb9a50be000-7fb9a52be000 ---p 00e5e000 08:05 2360384                    /usr/lib/jvm/java-9-openjdk-amd64/lib/amd64/server/libjvm.so
7fb9a52be000-7fb9a5370000 r--p 00e5e000 08:05 2360384                    /usr/lib/jvm/java-9-openjdk-amd64/lib/amd64/server/libjvm.so
7fb9a5370000-7fb9a53a2000 rw-p 00f10000 08:05 2360384                    /usr/lib/jvm/java-9-openjdk-amd64/lib/amd64/server/libjvm.so
7fb9a53a2000-7fb9a53e7000 rw-p 00000000 00:00 0 
7fb9a53e7000-7fb9a53ff000 r-xp 00000000 08:05 656418                     /lib/x86_64-linux-gnu/libpthread-2.23.so
7fb9a53ff000-7fb9a55fe000 ---p 00018000 08:05 656418                     /lib/x86_64-linux-gnu/libpthread-2.23.so
7fb9a55fe000-7fb9a55ff000 r--p 00017000 08:05 656418                     /lib/x86_64-linux-gnu/libpthread-2.23.so
7fb9a55ff000-7fb9a5600000 rw-p 00018000 08:05 656418                     /lib/x86_64-linux-gnu/libpthread-2.23.so
7fb9a5600000-7fb9a5604000 rw-p 00000000 00:00 0 
7fb9a5604000-7fb9a5607000 r-xp 00000000 08:05 656423                     /lib/x86_64-linux-gnu/libdl-2.23.so
7fb9a5607000-7fb9a5806000 ---p 00003000 08:05 656423                     /lib/x86_64-linux-gnu/libdl-2.23.so
7fb9a5806000-7fb9a5807000 r--p 00002000 08:05 656423                     /lib/x86_64-linux-gnu/libdl-2.23.so
7fb9a5807000-7fb9a5808000 rw-p 00003000 08:05 656423                     /lib/x86_64-linux-gnu/libdl-2.23.so
7fb9a5808000-7fb9a5821000 r-xp 00000000 08:05 661062                     /lib/x86_64-linux-gnu/libz.so.1.2.8
7fb9a5821000-7fb9a5a20000 ---p 00019000 08:05 661062                     /lib/x86_64-linux-gnu/libz.so.1.2.8
7fb9a5a20000-7fb9a5a21000 r--p 00018000 08:05 661062                     /lib/x86_64-linux-gnu/libz.so.1.2.8
7fb9a5a21000-7fb9a5a22000 rw-p 00019000 08:05 661062                     /lib/x86_64-linux-gnu/libz.so.1.2.8
7fb9a5a22000-7fb9a5be2000 r-xp 00000000 08:05 656436                     /lib/x86_64-linux-gnu/libc-2.23.so
7fb9a5be2000-7fb9a5de2000 ---p 001c0000 08:05 656436                     /lib/x86_64-linux-gnu/libc-2.23.so
7fb9a5de2000-7fb9a5de6000 r--p 001c0000 08:05 656436                     /lib/x86_64-linux-gnu/libc-2.23.so
7fb9a5de6000-7fb9a5de8000 rw-p 001c4000 08:05 656436                     /lib/x86_64-linux-gnu/libc-2.23.so
7fb9a5de8000-7fb9a5dec000 rw-p 00000000 00:00 0 
7fb9a5dec000-7fb9a5dfa000 r-xp 00000000 08:05 2360388                    /usr/lib/jvm/java-9-openjdk-amd64/lib/amd64/jli/libjli.so
7fb9a5dfa000-7fb9a5ff9000 ---p 0000e000 08:05 2360388                    /usr/lib/jvm/java-9-openjdk-amd64/lib/amd64/jli/libjli.so
7fb9a5ff9000-7fb9a5ffa000 r--p 0000d000 08:05 2360388                    /usr/lib/jvm/java-9-openjdk-amd64/lib/amd64/jli/libjli.so
7fb9a5ffa000-7fb9a5ffb000 rw-p 0000e000 08:05 2360388                    /usr/lib/jvm/java-9-openjdk-amd64/lib/amd64/jli/libjli.so
7fb9a5ffb000-7fb9a6021000 r-xp 00000000 08:05 656428                     /lib/x86_64-linux-gnu/ld-2.23.so
7fb9a6022000-7fb9a6104000 rw-p 00000000 00:00 0 
7fb9a6104000-7fb9a6108000 ---p 00000000 00:00 0 
7fb9a6108000-7fb9a620e000 rw-p 00000000 00:00 0 
7fb9a620e000-7fb9a6215000 ---p 00000000 00:00 0 
7fb9a6215000-7fb9a621d000 rw-s 00000000 08:05 1179690                    /tmp/hsperfdata_cse/4881
7fb9a621d000-7fb9a621e000 rw-p 00000000 00:00 0 
7fb9a621e000-7fb9a621f000 r--p 00000000 00:00 0 
7fb9a621f000-7fb9a6220000 rw-p 00000000 00:00 0 
7fb9a6220000-7fb9a6221000 r--p 00025000 08:05 656428                     /lib/x86_64-linux-gnu/ld-2.23.so
7fb9a6221000-7fb9a6222000 rw-p 00026000 08:05 656428                     /lib/x86_64-linux-gnu/ld-2.23.so
7fb9a6222000-7fb9a6223000 rw-p 00000000 00:00 0 
7ffd88127000-7ffd88148000 rw-p 00000000 00:00 0                          [stack]
7ffd88186000-7ffd88189000 r--p 00000000 00:00 0                          [vvar]
7ffd88189000-7ffd8818b000 r-xp 00000000 00:00 0                          [vdso]
ffffffffff600000-ffffffffff601000 r-xp 00000000 00:00 0                  [vsyscall]

VM Arguments:
java_command: calc
java_class_path (initial): .
Launcher Type: SUN_STANDARD

Environment Variables:
PATH=/home/cse/bin:/home/cse/.local/bin:/usr/local/sbin:/usr/local/bin:/usr/sbin:/usr/bin:/sbin:/bin:/usr/games:/usr/local/games:/snap/bin
SHELL=/bin/bash
DISPLAY=:0

Signal Handlers:
SIGSEGV: [libjvm.so+0xc12c20], sa_mask[0]=11111111011111111101111111111110, sa_flags=SA_RESTART|SA_SIGINFO
SIGBUS: [libjvm.so+0xc12c20], sa_mask[0]=11111111011111111101111111111110, sa_flags=SA_RESTART|SA_SIGINFO
SIGFPE: [libjvm.so+0xc12c20], sa_mask[0]=11111111011111111101111111111110, sa_flags=SA_RESTART|SA_SIGINFO
SIGPIPE: [libjvm.so+0xa3b600], sa_mask[0]=11111111011111111101111111111110, sa_flags=SA_RESTART|SA_SIGINFO
SIGXFSZ: [libjvm.so+0xa3b600], sa_mask[0]=11111111011111111101111111111110, sa_flags=SA_RESTART|SA_SIGINFO
SIGILL: [libjvm.so+0xc12c20], sa_mask[0]=11111111011111111101111111111110, sa_flags=SA_RESTART|SA_SIGINFO
SIGUSR2: [libjvm.so+0xa3b4a0], sa_mask[0]=00000000000000000000000000000000, sa_flags=SA_RESTART|SA_SIGINFO
SIGHUP: [libjvm.so+0xa3b870], sa_mask[0]=11111111011111111101111111111110, sa_flags=SA_RESTART|SA_SIGINFO
SIGINT: [libjvm.so+0xa3b870], sa_mask[0]=11111111011111111101111111111110, sa_flags=SA_RESTART|SA_SIGINFO
SIGTERM: [libjvm.so+0xa3b870], sa_mask[0]=11111111011111111101111111111110, sa_flags=SA_RESTART|SA_SIGINFO
SIGQUIT: [libjvm.so+0xa3b870], sa_mask[0]=11111111011111111101111111111110, sa_flags=SA_RESTART|SA_SIGINFO


---------------  S Y S T E M  ---------------

OS:DISTRIB_ID=Ubuntu
DISTRIB_RELEASE=16.04
DISTRIB_CODENAME=xenial
DISTRIB_DESCRIPTION="Ubuntu 16.04.7 LTS"
uname:Linux 4.15.0-142-generic #146~16.04.1-Ubuntu SMP Tue Apr 13 09:27:15 UTC 2021 x86_64
libc:glibc 2.23 NPTL 2.23 
rlimit: STACK 8192k, CORE 0k, NPROC 15401, NOFILE 1048576, AS infinity
load average:0.50 0.82 0.62

/proc/meminfo:
MemTotal:        4004220 kB
MemFree:          184484 kB
MemAvailable:    1991520 kB
Buffers:          164004 kB
Cached:          2142204 kB
SwapCached:           24 kB
Active:          2360992 kB
Inactive:        1175296 kB
Active(anon):    1204216 kB
Inactive(anon):   398724 kB
Active(file):    1156776 kB
Inactive(file):   776572 kB
Unevictable:          48 kB
Mlocked:              48 kB
SwapTotal:        998396 kB
SwapFree:         998140 kB
Dirty:                36 kB
Writeback:             0 kB
AnonPages:       1230392 kB
Mapped:           402532 kB
Shmem:            372716 kB
Slab:             192484 kB
SReclaimable:     154976 kB
SUnreclaim:        37508 kB
KernelStack:        9672 kB
PageTables:        37120 kB
NFS_Unstable:          0 kB
Bounce:                0 kB
WritebackTmp:          0 kB
CommitLimit:     3000504 kB
Committed_AS:    5186040 kB
VmallocTotal:   34359738367 kB
VmallocUsed:           0 kB
VmallocChunk:          0 kB
HardwareCorrupted:     0 kB
AnonHugePages:         0 kB
ShmemHugePages:        0 kB
ShmemPmdMapped:        0 kB
CmaTotal:              0 kB
CmaFree:               0 kB
HugePages_Total:       0
HugePages_Free:        0
HugePages_Rsvd:        0
HugePages_Surp:        0
Hugepagesize:       2048 kB
DirectMap4k:      177728 kB
DirectMap2M:     3981312 kB


CPU:total 2 (2 cores per cpu, 1 threads per core) family 6 model 23 stepping 10, cmov, cx8, fxsr, mmx, sse, sse2, sse3, ssse3, sse4.1, tsc

CPU Model and flags from /proc/cpuinfo:
model name	: Intel(R) Core(TM)2 Duo CPU     E7500  @ 2.93GHz
flags		: fpu vme de pse tsc msr pae mce cx8 apic sep mtrr pge mca cmov pat pse36 clflush dts acpi mmx fxsr sse sse2 ss ht tm pbe syscall nx lm constant_tsc arch_perfmon pebs bts rep_good nopl cpuid aperfmperf pni dtes64 monitor ds_cpl vmx est tm2 ssse3 cx16 xtpr pdcm sse4_1 xsave lahf_lm pti tpr_shadow vnmi flexpriority dtherm

Memory: 4k page, physical 4004220k(184484k free), swap 998396k(998140k free)

vm_info: OpenJDK 64-Bit Server VM (9-internal+0-2016-04-14-195246.buildd.src) for linux-amd64 JRE (9-internal+0-2016-04-14-195246.buildd.src), built on Apr 14 2016 20:05:37 by "buildd" with gcc 5.3.1 20160413

END.
